// Jest Snapshot v1, https://goo.gl/fbAQLP

exports[`checks if home guest page renders correctly 1`] = `
<div
  className="flex w-screen flex-col items-center text-center font-lato font-normal select-none"
>
  <img
    alt="Kółko po lewej stronie"
    className="fixed left-[12%]  bottom-[15%] scale-50 xl:scale-100 -z-50 "
    src={
      {
        "process": [Function],
      }
    }
  />
  <img
    alt="Kółko po prawej stronie"
    className="fixed right-0 top-[12%] scale-50 translate-x-[25%] xl:transform-none -z-50 "
    src={
      {
        "process": [Function],
      }
    }
  />
  <div
    className="pt-[20vh] pb-8 xl:pb-[8vh]"
  >
    <h1
      className="text-3xl xl:text-[81px] font-medium pb-[calc(4px+1vh)] tracking-wide "
    >
      HomeworkJustClick
    </h1>
    <p
      className="text-s xl:text-[36px] font-medium "
    >
      Prosto, szybko, wygodnie!
    </p>
  </div>
  <a
    href="/login"
    onClick={[Function]}
  >
    <button
      className=" border-main_blue w-40 h-8 rounded-[5px] border-2 xl:w-[288px] xl:h-[56px] xl:border-[3px] xl:rounded-[10px] text-main_blue xl:text-[28px] hover:bg-hover_gray hover:shadow-md active:bg-opacity-60"
      type="button"
    >
      Zaloguj się
    </button>
  </a>
  <p
    className="text-[8px] xl:text-base text-main_blue"
  >
    Nie pamiętasz hasła?
  </p>
  <p
    className="text-[8px] xl:text-base mt-4 md:mt-[5vh]"
  >
    Nie masz jeszcze konta?
  </p>
  <a
    href="/register"
    onClick={[Function]}
  >
    <button
      className=" bg-main_blue w-40 h-8 rounded-[5px]  xl:w-[288px] xl:h-[56px] text-white xl:text-[28px] hover:bg-hover_blue hover:shadow-md active:shadow-none"
      type="button"
    >
      Zarejestruj się
    </button>
  </a>
</div>
`;
