// Jest Snapshot v1, https://goo.gl/fbAQLP

exports[`check if user can login with page navigation checks if login page renders correctly 1`] = `
<div
  className="flex w-screen flex-col items-center text-center font-lato text-sm select-none"
  data-testid="login-page"
>
  <img
    alt="Kółko po lewej stronie"
    className="fixed left-[7%]  bottom-[3%] scale-50 xl:scale-100 -z-50"
    src={
      {
        "process": [Function],
      }
    }
  />
  <img
    alt="Kółko po prawej stronie"
    className="fixed right-[9%] top-[18%] scale-50 translate-x-[25%] xl:transform-none -z-50"
    src={
      {
        "process": [Function],
      }
    }
  />
  <h1
    className="mt-32 mb-16 text-6xl"
  >
    Zaloguj się
  </h1>
  <form
    className="flex flex-col items-center"
    onSubmit={[Function]}
  >
    <input
      className="border-b-2 border-b-light_gray mb-8 text-center placeholder:text-light_gray placeholder:text-[12px] w-60 xl:text-[20px] xl:placeholder:text-[20px] xl:w-[320px]"
      name="email"
      onChange={[Function]}
      placeholder="Email"
      type="email"
    />
    <input
      className="border-b-2 border-b-light_gray mb-12 text-center placeholder:text-light_gray placeholder:text-[12px] w-60 xl:text-[20px] xl:placeholder:text-[20px] xl:w-[320px]"
      name="password"
      onChange={[Function]}
      placeholder="Hasło"
      type="password"
    />
    <button
      className=" border-main_blue w-40 h-8 rounded-[5px] border-2 xl:w-[288px] xl:h-[56px] xl:border-[3px] xl:rounded-[10px] text-main_blue xl:text-[28px] hover:bg-hover_gray hover:shadow-md active:bg-opacity-60"
      type="submit"
    >
      Zaloguj się
    </button>
    <p
      className="text-[8px] xl:text-base text-main_blue"
    >
      Nie pamiętasz hasła?
    </p>
    <p
      className="text-[8px] xl:text-base mt-4"
    >
      Nie masz jeszcze konta?
    </p>
    <a
      href="/register"
      onClick={[Function]}
    >
      <button
        className=" bg-main_blue w-40 h-8 rounded-[5px] xl:rounded-[10px] xl:w-[288px] xl:h-[56px] text-white xl:text-[28px] hover:bg-hover_blue hover:shadow-md active:shadow-none"
        type="button"
      >
        Zarejestruj się
      </button>
    </a>
  </form>
</div>
`;
